Practical 2

HelloServlet
package com;

import java.io.*;
import javax.servlet.*;
import javax.servlet.annotation.WebServlet;
import javax.servlet.http.*;

@WebServlet("/HelloServlet")
public class HelloServlet extends HttpServlet {
private static final long serialVersionUID = 1L;
/**
* @see HttpServlet#HttpServlet()
*/
public HelloServlet() {
super();
// TODO Auto-generated constructor stub
}
/**
* @see HttpServlet#doGet(HttpServletRequest request,
HttpServletResponse response)
*/
protected void doGet(HttpServletRequest request,
HttpServletResponse response) throws ServletException,
IOException {
// TODO Auto-generated method stub
response.getWriter().append("Served at:").append(request.getContextPath());
response.setContentType("text/html");
PrintWriter out = response.getWriter();
out.println("<html>");
out.println("<head>");
out.println("<title>Hello</title>");
out.println("</head>");
out.println("<body>");
out.println("<h1>Processed on Servlet: Hello</h1>");
out.println("Gay for you");
out.println("</body>");
out.println("</html>");
}
/**
* @see HttpServlet#doPost(HttpServletRequest request,
HttpServletResponse response)
*/
protected void doPost(HttpServletRequest request,
HttpServletResponse response) throws ServletException,
IOException {
// TODO Auto-generated method stub
doGet(request, response);
}
}

SecondServlet
package com;

import java.io.*;
import javax.servlet.*;
import javax.servlet.annotation.WebServlet;
import javax.servlet.http.*;


@WebServlet("/SecondServlet")
public class SecondServlet extends HttpServlet {
private static final long serialVersionUID = 1L;
/**
* @see HttpServlet#HttpServlet()
*/
public SecondServlet() {
super();
// TODO Auto-generated constructor stub
}
/**
* @see HttpServlet#doGet(HttpServletRequest request,
HttpServletResponse response)
*/
protected void doGet(HttpServletRequest request,
HttpServletResponse response) throws ServletException,
IOException {
// TODO Auto-generated method stub
response.getWriter().append("Served at:").append(request.getContextPath());
response.setContentType("text/html");
PrintWriter out = response.getWriter();
out.print("<html><body>servlet 2</body></html>");
RequestDispatcher rd =
request.getRequestDispatcher("/a");
rd.forward(request, response);
}
/**
* @see HttpServlet#doPost(HttpServletRequest request,
HttpServletResponse response)
*/
protected void doPost(HttpServletRequest request,
HttpServletResponse response) throws ServletException,
IOException {
// TODO Auto-generated method stub
doGet(request, response);
}
}

web.xml
<?xml version="1.0" encoding="UTF-8"?>
<web-app xmlns:xsi="http://www.w3.org/2001/XMLSchema-instance"
xmlns="http://xmlns.jcp.org/xml/ns/javaee"
xsi:schemaLocation="http://xmlns.jcp.org/xml/ns/javaee
http://xmlns.jcp.org/xml/ns/javaee/web-app_3_1.xsd"
id="WebApp_ID" version="3.1">
<display-name>prac</display-name>
<welcome-file-list>
<welcome-file>index.html</welcome-file>
<welcome-file>index.jsp</welcome-file>
<welcome-file>index.htm</welcome-file>
<welcome-file>default.html</welcome-file>
<welcome-file>default.jsp</welcome-file>
<welcome-file>default.htm</welcome-file>
</welcome-file-list>
<servlet>
<servlet-name>myservlet</servlet-name>
<servlet-class>com.HelloServlet</servlet-class>
</servlet>
<servlet-mapping>
<servlet-name>myservlet</servlet-name>
<url-pattern>/a</url-pattern>
</servlet-mapping>
<servlet>
<servlet-name>secservlet</servlet-name>
<servlet-class>com.SecondServlet</servlet-class>
</servlet>
<servlet-mapping>
<servlet-name>secservlet</servlet-name>
<url-pattern>/b</url-pattern>
</servlet-mapping>
</web-app>

Practical 3
Question 1 - Sum of digits
<%@ page language="java" contentType="text/html; charset=ISO-8859-1"
pageEncoding="ISO-8859-1"%>
<!DOCTYPE html>
<html>
<head>
<meta charset="ISO-8859-1">
<title>Insert title here</title>
</head>
<body>
<form action = "process.jsp" method="post">
Enter number : <input type = "number" name = "userinput"><br>
<input type="submit">
</form>
</body>
</html>
webapp - jsp folder - process.jsp
<%@ page language="java" contentType="text/html; charset=ISO-8859-1"
pageEncoding="ISO-8859-1"%>
<!DOCTYPE html>
<html>
<head>
<meta charset="ISO-8859-1">
<title>Insert title here</title>
</head>
<body>
<%
String num = request.getParameter("userinput");
int n = Integer.parseInt(num);
int m = 0;
int sum = 0;
while(n>0){
m = n%10;
sum = sum + m;
n=n/10;
}
out.print("the sum is : "+sum );
%>
<h1> The sum is : <%=sum %></h1>
</body>
</html>

Question 2 - Select formula using dropdown and perform corresponding
calculation based on user input
<%@ page language="java" contentType="text/html; charset=ISO-8859-1"
pageEncoding="ISO-8859-1"%>
<!DOCTYPE html>
<html>
<head>
<meta charset="ISO-8859-1">
<title>Insert title here</title>
</head>
<body>
<form action="process.jsp">
<h3>Enter a number</h3>
<input type="text" name="usernumber"/><br>
<p>Select formula : </p>
<select name="formula">
<option value="cube">Cube</option>
<option value="square">Square</option>
<option value="numbers">Numbers</option>
</select>
<input type="submit">
</form>
</body>
</html>
Process.jsp
<%@ page language="java" contentType="text/html; charset=ISO-8859-1"
pageEncoding="ISO-8859-1"%>
<!DOCTYPE html>
<html>
<head>
<meta charset="ISO-8859-1">
<title>Result</title>
</head>
<body>
<%
String num = request.getParameter("usernumber");
String formula = request.getParameter("formula");
int n = Integer.parseInt(num);
double result = 0;
if (formula.equals("cube")) {
result = Math.pow(n, 3); // Calculate cube
} else if (formula.equals("square")) {
result = Math.pow(n, 2); // Calculate square
} else if (formula.equals("numbers")) {
result = (n * (n + 1)) / 2; // Calculate sum of numbers
}
%>
<p>Selected formula is: <%= formula %></p>
<p>Result: <%= result %></p>
</body>
</html>

Practical 4
Data.jsp
<%@ page language="java" contentType="text/html; charset=ISO-8859-1"
pageEncoding="ISO-8859-1"%>
<!DOCTYPE html>
<html>
<head>
<meta charset="ISO-8859-1">
<title>Insert title here</title>
</head>
<body>
<form action="login.jsp">
<h3>Login authentication</h3>
<p>Enter uid</p>
<input type="text" name="uid"/><br>
<p>Enter pwd</p>
<input type="password" name="pwd"/><br><br>
<input type="submit">
</form>
</body>
</html>
Login.jsp
<%@page import="java.sql.*"%>
<%@ page language="java" contentType="text/html; charset=ISO-8859-1"
pageEncoding="ISO-8859-1"%>
<!DOCTYPE html>
<html>
<head>
<meta charset="ISO-8859-1">
<title>Insert title here</title>
</head>
<body>
<%
PreparedStatement pst;
ResultSet rs;
try {
Class.forName("org.mariadb.jdbc.Driver");
Connection cn =
DriverManager.getConnection("jdbc:mariadb://localhost:3306/mydb","roo
t","maria");
String uid=(String) request.getParameter("uid");
int u=Integer.parseInt(uid);
String pwd=(String) request.getParameter("pwd");
pst=cn.prepareStatement("select * from usertable where
uid=? and password=?");
pst.setInt(1, u);
pst.setString(2, pwd);
rs=pst.executeQuery();
boolean found=false;
String role=null;
String nm = null;
while (rs.next()) {
role=rs.getString("role");
nm=rs.getString("name");
found = true;
break;
}
if (found == false)
out.print("user not in db");
else{
out.print("user exist with name and role <br>");
out.print("Name : "+ nm + "<br>Role : " + role);
}
session.setAttribute("username", nm);
} catch (Exception e) {
// Block of code to handle errors
e.printStackTrace();
} finally {
//out.print("It worked");
}
%>
</body>
</html>

Practical 5
<%@ page language="java" contentType="text/html; charset=ISO-8859-1"
pageEncoding="ISO-8859-1"%>
<!DOCTYPE html>
<html>
<head>
<meta charset="ISO-8859-1">
<title>Insert title here</title>
<link
href="https://cdn.jsdelivr.net/npm/bootstrap@5.3.2/dist/css/bootstrap
.min.css" rel="stylesheet"
integrity="sha384-T3c6CoIi6uLrA9TneNEoa7RxnatzjcDSCmG1MXxSR1GAsXEV/Dw
wykc2MPK8M2HN" crossorigin="anonymous">
</head>
<body>
<div class="container">
<form method="post" action="addusertask.jsp">
<div class="mb-3"><br><br>
<label for="uid" class="form-label">Enter UID</label>
<input type="text" class="form-control" id="uid"
name="uid">
</div>
<div class="mb-3">
<label for="pwd" class="form-label">Enter
Password</label>
<input type="password" class="form-control" id="pwd"
name="pwd">
</div>
<div class="mb-3">
<label for="role" class="form-label">Enter
Role</label>
<input type="text" class="form-control" id="role"
name="role">
</div>
<div class="mb-3">
<label for="name" class="form-label">Enter
Name</label>
<input type="text" class="form-control" id="name"
name="name">
</div>
<div class="mb-3">
<input type="submit" class="btn btn-primary"
value="Add User">
</div>
<div class="row mb-3">
<div class="col-6">
<div class="form-check">
<input class="form-check-input"
type="checkbox" id="displayall" name="displayall">
<label class="form-check-label"
for="displayall">Display All</label>
</div>
</div>
<div class="col-6">
<input type="submit" class="btn btn-primary"
value="Display">
</div>
</div>
</form>
<hr>
</div>
<script
src="https://cdn.jsdelivr.net/npm/bootstrap@5.3.2/dist/js/bootstrap.b
undle.min.js"
integrity="sha384-C6RzsynM9kWDrMNeT87bh95OGNyZPhcTNXj1NW7RuBCsyN/o0jl
pcV8Qyq46cDfL" crossorigin="anonymous"></script>
</body>
</html>
<%@page import="java.sql.*"%>
<%@ page language="java" contentType="text/html; charset=ISO-8859-1"
pageEncoding="ISO-8859-1"%>
<!DOCTYPE html>
<html>
<head>
<meta charset="ISO-8859-1">
<title>Insert title here</title>
</head>
<body>
<%
PreparedStatement ps=null;
ResultSet rs=null;
try {
Class.forName("org.mariadb.jdbc.Driver");
Connection cn =
DriverManager.getConnection("jdbc:mariadb://localhost:3306/mydb","roo
t","maria");
String uid=request.getParameter("uid");
String pwd=request.getParameter("pwd");
String role=request.getParameter("role");
String name=request.getParameter("name");
// Add user only if "Add User" button is clicked
if (request.getParameter("addUser") != null && uid != null &&
pwd != null && role != null && name != null) {
ps=cn.prepareStatement("Insert into usertable values
(?,?,?,?)");
ps.setString(1, uid);
ps.setString(2, pwd);
ps.setString(3, role);
ps.setString(4, name);
ps.execute();
out.print("Record added successfully<br>");
}
// Display users if "Display all" checkbox is checked
String cb=request.getParameter("displayall");
if(cb != null) {
ps=cn.prepareStatement("select * from usertable");
rs=ps.executeQuery();
out.println("<table>");
while(rs.next()) {
out.println("<tr>");
out.println("<td>" + rs.getString("uid") + "</td>");
out.println("<td>" + rs.getString("role") + "</td>");
out.println("<td>" + rs.getString("name") + "</td>");
out.println("</tr>");
}
out.println("</table>");
} else {
// Display user if uid is provided
if (uid != null && !uid.isEmpty()) {
ps=cn.prepareStatement("select * from usertable where
uid=?");
ps.setString(1, uid);
rs=ps.executeQuery();
out.println("<table>");
while(rs.next()) {
out.println("<tr>");
out.println("<td>" + rs.getString("uid") +
"</td>");
out.println("<td>" + rs.getString("role") +
"</td>");
out.println("<td>" + rs.getString("name") +
"</td>");
out.println("</tr>");
}
out.println("</table>");
}
}
} catch (Exception e) {
e.printStackTrace();
}
%>
</body>
</html>

getParamaterNames()
<%@ page language="java" contentType="text/html; charset=ISO-8859-1"
pageEncoding="ISO-8859-1"%>
<!DOCTYPE html>
<html>
<head>
<meta charset="ISO-8859-1">
<title>Insert title here</title>
</head>
<body>
<form action="capture.jsp" method="post">
Name : <input type = "text" name = "nm"> <br><br>
Gender : <input type = "radio" name = "gender" value="Male">Male
<input type = "radio" name = "gender"
value="Female">Female <br><br>
Age : <input type = "number" name = "age"> <br><br>
Course :
<select name="course">
<option value="arts">Arts</option>
<option value="science">Science</option>
<option value="commerce">Commerce</option>
</select><br><br>
<input type="submit" value = "Done">
</form>
</body>
</html>
Capture.jsp
<%@ page language="java" contentType="text/html; charset=ISO-8859-1"
pageEncoding="ISO-8859-1" import = "java.util.Enumeration"%>
<!DOCTYPE html>
<html>
<head>
<meta charset="ISO-8859-1">
<title>Insert title here</title>
</head>
<body>
<%
Enumeration<String> e = request.getParameterNames();
while (e.hasMoreElements()) {
String var = e.nextElement();
String value = request.getParameter(var);
out.print("<p>" + value + "</p>");
}
%>
</body>
</html>

Practical 6 & 7
<!DOCTYPE html>
<html>
<head>
    <meta charset="ISO-8859-1">
    <title>Form</title>
    <link href="https://cdn.jsdelivr.net/npm/bootstrap@5.3.2/dist/css/bootstrap.min.css" rel="stylesheet" integrity="sha384-T3c6CoIi6uLrA9TneNEoa7RxnatzjcDSCmG1MXxSR1GAsXEV/Dwwykc2MPK8M2HN" crossorigin="anonymous">
</head>
<body class="p-4">
    <form class="row g-3">
        <input type="hidden" name="submitType">
        <div class="row g-3 align-items-center">
            <div class="col-2">
                <label for="" class="col-form-label">UID</label>
            </div>
            <div class="col-3">
                <input type="text" id="uid" name="uid" class="form-control">
            </div>
        </div>
        <div class="row g-3 align-items-center">
            <div class="col-2">
                <label for="" class="col-form-label">Name</label>
            </div>
            <div class="col-3">
                <input type="text" id="name" name="name" class="form-control">
            </div>
        </div>
        <div class="row g-3 align-items-center">
            <div class="col-2">
                <label for="inputPassword6" class="col-form-label">Password</label>
            </div>
            <div class="col-3">
                <input type="password" name="pwd" id="pwd" class="form-control" aria-describedby="passwordHelpInline">
            </div>
            <div class="col-auto">
                <span id="passwordHelpInline" class="form-text"> Must be 8-20 characters long. </span>
            </div>
        </div>
        <div class="row g-3 align-items-center">
            <div class="col-2">
                <label for="" class="col-form-label">Role</label>
            </div>
            <div class="col-3">
                <select class="form-select" aria-label="Default select example" id='userrole'>
                    <option value="" id="currentRole" selected disabled></option>
                    <option value="admin">Admin</option>
                    <option value="user">User</option>
                    <option value="other">Other</option>
                </select>
            </div>
        </div>
        <div class="row g-3 align-items-center">
            <div class="col-auto">
                <button type="button" class="btn btn-primary" onclick="searchprocess()">Search</button>
            </div>
            <div class="col-auto">
                <button type="button" class="btn btn-primary" onclick="addUser()">Add</button>
            </div>
            <div class="col-auto">
                <button type="button" class="btn btn-primary" onclick="deleteUser()">Delete</button>
            </div>
            <div class="col-auto">
                <button type="button" class="btn btn-primary" onclick="editUser()">Edit</button>
            </div>
            <br><br>
            <div id="responseMsg"></div>
        </div>
    </form>
    <div id="output"></div>
    <script src="https://cdnjs.cloudflare.com/ajax/libs/jquery/3.7.1/jquery.min.js" integrity="sha512-v2CJ7UaYy4JwqLDIrZUI/4hqeoQieOmAZNXBeQyjo21dadnwR+8ZaIJVT8EE2iyI61OV8e6M8PP2/4hpQINQ/g==" crossorigin="anonymous" referrerpolicy="no-referrer"></script>
    <script type="text/javascript">
        function searchprocess() {
            $.ajax({
                type: "post",
                url: "processdata.jsp",
                data: "op=search&uid=" + $('#uid').val(),
                success: function (msg) {
                    var res = msg.split("&");
                    console.log(res);
                    $('#uid').val(res[0]);
                    $('#name').val(res[1]);
                    $('#pwd').val(res[2]);
                    $('#currentRole').html(res[3]);
                }
            });
        }

        function deleteUser() {
            $.ajax({
                type: "post",
                url: "processdata.jsp",
                data: "op=delete&uid=" + $('#uid').val(),
                success: function (msg) {
                    $('#responseMsg').html(msg); // Update HTML element with id "responseMsg"
                }
            });
        }

        function editUser() {
            $.ajax({
                type: "post",
                url: "processdata.jsp",
                data: "op=edit&uid=" + $('#uid').val() + "&name=" + $('#name').val() + "&pwd=" + $('#pwd').val() + "&role=" + $('#userrole').val(),
                success: function (msg) {
                    $('#responseMsg').html(msg); // Update HTML element with id "responseMsg"
                }
            });
        }

        function addUser() {
            $.ajax({
                type: "post",
                url: "processdata.jsp",
                data: "op=add&uid=" + $('#uid').val() + "&name=" + $('#name').val() + "&pwd=" + $('#pwd').val() + "&role=" + $('#userrole').val(),
                success: function (msg) {
                    $('#responseMsg').html(msg); // Update HTML element with id "responseMsg"
                }
            });
        }
    </script>
    <script src="https://cdn.jsdelivr.net/npm/bootstrap@5.3.2/dist/js/bootstrap.bundle.min.js" integrity="sha384-C6RzsynM9kWDrMNeT87bh95OGNyZPhcTNXj1NW7RuBCsyN/o0jlpcV8Qyq46cDfL" crossorigin="anonymous"></script>
</body>
</html>


<%@page import="java.sql.*"%>
<%@ page language="java" contentType="text/html; charset=ISO-8859-1"
pageEncoding="ISO-8859-1"%>
<%
PreparedStatement ps;
ResultSet rs;
try {
Class.forName("org.mariadb.jdbc.Driver");
Connection cn = DriverManager.getConnection("jdbc:mariadb://localhost:3306/mydb", "root", "root");
String operation = request.getParameter("op");
if ("search".equals(operation)) {
// Search operation
String uid = request.getParameter("uid");
int u = Integer.parseInt(uid);
ps = cn.prepareStatement("select * from usertable where uid=?");
ps.setInt(1, u);
rs = ps.executeQuery();
boolean found = false;
String role = null;
String nm = null;
String pwd = null;
while (rs.next()) {
role = rs.getString("role");
pwd = rs.getString("password");
nm = rs.getString("name");
found = true;
break;
}
if (found) {
out.print(uid + "&" + nm + "&" + pwd + "&" + role);
session.setAttribute("username", nm);
} else {
out.print("Record not found");
}
} else if ("add".equals(operation)) {
// Add operation
String uid = request.getParameter("uid");
int u = Integer.parseInt(uid);
String pwd = request.getParameter("pwd");
String role = request.getParameter("role");
String name = request.getParameter("name");
ps = cn.prepareStatement("Insert into usertable values (?,?,?,?)");
ps.setInt(1, u);
ps.setString(2, pwd);
ps.setString(3, role);
ps.setString(4, name);
ps.execute();
out.print("Records added successfully");
} else if ("delete".equals(operation)) {
// Delete operation
String uid = request.getParameter("uid");
int u = Integer.parseInt(uid);
ps = cn.prepareStatement("delete from usertable where uid=?");
ps.setInt(1, u);
int deletedRows = ps.executeUpdate();
if (deletedRows > 0) {
out.print("Record with UID " + uid + " deleted successfully");
} else {
out.print("Record with UID " + uid + " not found");
}
} else if ("edit".equals(operation)) {
// Edit operation
String uid = request.getParameter("uid");
int u = Integer.parseInt(uid);
String pwd = request.getParameter("pwd");
String role = request.getParameter("role");
String name = request.getParameter("name");
ps = cn.prepareStatement("update usertable set password=?, role=?, name=? where uid=?");
ps.setString(1, pwd);
ps.setString(2, role);
ps.setString(3, name);
ps.setInt(4, u);
int updatedRows = ps.executeUpdate();
if (updatedRows > 0) {
out.print("Record with UID " + uid + " updated successfully");
} else {
out.print("Record with UID " + uid + " not found");
}
}
} catch (Exception e) {
e.printStackTrace();
} finally {
// Close resources if needed
}
%>

Practical 8
 Create 2 jsp files. Add code for the UI in one file and logic in the other

 →  “storedUI.jsp”
<%@ page language="java" contentType="text/html; charset=ISO-8859-1"

   pageEncoding="ISO-8859-1"%>

<!DOCTYPE html>

<html>

<head>

<meta charset="ISO-8859-1">

<title>Insert title here</title>

<!-- Bootstrap CSS -->

   <link href="https://cdn.jsdelivr.net/npm/bootstrap@5.0.2/dist/css/bootstrap.min.css" rel="stylesheet" integrity="sha384-EVSTQN3/azprG1Anm3QDgpJLIm9Nao0Yz1ztcQTwFspd3yD65VohhpuuCOmLASjC" crossorigin="anonymous">

<script type="text/javascript" src="http://ajax.googleapis.com/ajax/libs/jquery/1.4/jquery.min.js">

   </script>

   <script>

   function display1(){

    $.ajax({

    type:"post",

    url:"storedprocedure.jsp",

    data:"uniqueid="+$('#empid').val(), //id are caught by #symbol

    success:function(msg){

    //coming from login.jsp

    $('#output4').append(msg);

    }

    });

   }</script>

</head>

<body>

<h1> Check your profile</h1>

<div class="row g-3 align-items-center">

 <div class="col-auto">

   <label for="inputPassword6" class="col-form-label">Enter Employee ID</label>

 </div>

 <div class="col-auto">

   <input type="number" id="empid" class="form-control" aria-describedby="passwordHelpInline">

 </div>

 <div class="col-auto">

   <span id="passwordHelpInline" class="form-text">

     Must be 3 digits.

   </span>

 </div>

 <div>

  <button type="button" class="btn btn-primary" id="search" onclick="display1()">Search</button>

  </div>

  <br>

  <div id= "output4"></div>

</div>

</body>

</html>

-----------------------------------------------------------------------------------------------------------------------------------------------------

 →  “storedprocedure.jsp”
<%@ page language="java" contentType="text/html; charset=ISO-8859-1"

   pageEncoding="ISO-8859-1"  import="java.sql.*" %>

<!DOCTYPE html>

<html>

<head>

<meta charset="ISO-8859-1">

<title>Stored Procedure</title>

</head>

<body>

<%

CallableStatement st;

ResultSet rs;


try{

Class.forName("org.mariadb.jdbc.Driver");

Connection cn = DriverManager.getConnection("jdbc:mariadb://localhost:3306/mydb","root", "maria");

//out.println("connection worked");


String eno =request.getParameter("uniqueid");

int value = Integer.parseInt(eno);

int dbvalue=100;   //dummy value

String name= "";

String role= "";

String city= "";

String country= "";


st = cn.prepareCall("{call display(?)}"); //calling a stored procedure

st.setInt(1, value);

rs = st.executeQuery();


while(rs.next()){

dbvalue=rs.getInt("empid");

name= rs.getString("name");

role= rs.getString("role");

city= rs.getString("city");

country= rs.getString("country");

break;

}

if (value!=dbvalue){

String mystring = "Employee not found";

out.print(mystring);

}

else{

String mystring = "<br>Employe ID: "+dbvalue + "<br>Name: "+name + "<br>Role: "+role + "<br>City: "+city + "<br>Country: "+country+ "<br>";

out.print(mystring);

out.flush(); //go back to where function was called

}

}

catch(Exception e){

e.printStackTrace();

}

%>

</body>

</html>


MariaDB [(none)]> use mydb
Database changed
MariaDB [mydb]> create table employee
-> (empid int not null,
-> name varchar(20),
-> role varchar(20),
-> city varchar(20),
-> country varchar(20),
-> primary key('empid'));
ERROR 1064 (42000): You have an error in your SQL syntax; check the manual that
corresponds to your MariaDB server version for the right syntax to use near ''empid'))' at line 7
MariaDB [mydb]> create table employee
-> (empid int not null,
-> name varchar(20),
-> role varchar(20),
-> city varchar(20),
-> country varchar(20),
-> primary key(empid));
Query OK, 0 rows affected (0.015 sec)
MariaDB [mydb]> delimiter //
MariaDB [mydb]> create or replace procedure empdisplay(IN eid int)
-> begin
-> select * from employee where empid = eid;
-> end
-> //
Query OK, 0 rows affected (0.007 sec)
MariaDB [mydb]> delimiter ;
MariaDB [mydb]> call empdisplay(100);
+-------+------+---------+--------+---------+
| empid | name | role | city | country |
+-------+------+---------+--------+---------+
| 100 | john | teacher | mumbai | india |
+-------+------+---------+--------+---------+
1 row in set (0.003 sec)
Query OK, 0 rows affected (0.006 sec)